2024-04-14 19:24:26 - Line: 27 = Error decoding json Syntax error 
